CB/CBIfc_Eep/cbifc_eep_pavast.xml
CB/CBTr_Eep/cbtr_eep_pavast.xml
CB/CBTr_Post/cbtr_post_pavast.xml
CB/__CB/cb_pavast.xml
CdGen/CodeGen/codegen_pavast.xml
CdGen/CodeGen_Simulink/codegen_simulink_pavast.xml
CEL/CEL_Compu/cel_compu_pavast.xml
CEL/CEL_CompuLcy/cel_compulcy_pavast.xml
CEL/CEL_Const/cel_const_pavast.xml
CEL/Common/common_pavast.xml
CEL/DSM_DTRCompu/dsm_dtrcompu_pavast.xml
CELPrj/CommonCELPrj/commoncelprj_pavast.xml
CELPrj/ConversionSpecial_CELPrj/conversionspecial_celprj_pavast.xml
CELPrj/Conversion_CELPrj/conversion_celprj_pavast.xml
CELPrj/MEDC_Compu_Core_CELPrj/medc_compu_core_celprj_pavast.xml
CELPrj/MEDC_Compu_Custom_CELPrj/medc_compu_custom_celprj_pavast.xml
CELPrj/MEDC_Compu_DS_CELPrj/medc_compu_ds_celprj_pavast.xml
CELPrj/MEDC_Compu_DS_GS_CELPrj/medc_compu_ds_gs_celprj_pavast.xml
CELPrj/MEDC_FixConst_Core_CELPrj/medc_fixconst_core_celprj_pavast.xml
CELPrj/MEDC_FixConst_Custom_CELPrj/medc_fixconst_custom_celprj_pavast.xml
CELPrj/MEDC_FixConst_Custom_CELPrj/medc_fixconst_custom_celprj_pavast.xml_unpatched
CELPrj/MEDC_FixConst_DS_CELPrj/medc_fixconst_ds_celprj_pavast.xml
CELPrj/MEDC_FixConst_DS_GS_CELPrj/medc_fixconst_ds_gs_celprj_pavast.xml
CELPrj/MEDC_MoCompu_CELPrj/medc_mocompu_celprj_pavast.xml
CELPrj/MEDC_Models_DS_CELPrj/medc_models_ds_celprj_pavast.xml
CELPrj/MEDC_Models_DS_GS_CELPrj/medc_models_ds_gs_celprj_pavast.xml
CELPrj/MEDC_SimpleModels/medc_simplemodels_pavast.xml
ComCo/DomCtrl_Coorr/domctrl_coorr_pavast.xml
ComCo/DomCtrl_Coorr/domctrl_coorr_pavast.xml_unpatched
ComCo/NmAppl_UsrData/nmappl_usrdata_pavast.xml
ComCo/__ComCo/comco_pavast_pavast.xml
ComDia/DcmCore_DslDsd_Appl/dcmcore_dsldsd_appl_pavast.xml
ComDia/DcmDspUDS_DID/dcmdspuds_did_edat_pavast.xml
ComDia/DcmDspUDS_DID/dcmdspuds_did_gen_pavast.xml
ComDia/DcmDspUDS_DID/dcmdspuds_did_gw_pavast.xml
ComDia/DcmDspUDS_DID/dcmdspuds_did_manual_pavast.xml
ComDia/DcmDspUDS_DID/dcmdspuds_did_pavast.xml
ComDia/DcmDspUDS_DID/dcmdspuds_did_vkms_pavast.xml
ComDia/DcmDspUDS_RID/dcmdspuds_rid_pavast.xml
ComDia/DcmDspUDS_RID/dcmdspuds_rid_vkms_pavast.xml
ComDia/__ComDia/comdia_pavast.xml
ComPtc/XcpAppl/xcpappl_pavast.xml
ComPtc/__ComPtc/comptc_pavast.xml
ComVeh/ComScl_Appl/ComScl_Appl_PaVaSt_pavast.xml
ComVeh/ComScl_Coor/comscl_coor_pavast.xml
ComVeh/ComScl_NetMtrx/ComScl_netmtrx_PaVaSt_pavast.xml
ComVeh/ComScl_NetMtrx/ComScl_netmtrx_PaVaSt_pavast.xml_unpatched
Conf/MEDC_Compu_Custom/medc_compu_custom_pavast.xml
Conf/MEDC_FixConst_Custom/medc_fixconst_custom_pavast.xml
Conf/Mo_Conf/mo_conf_pavast.xml
Conf/Mo_Conf/mo_conf_wdgm_pavast.xml
Conf/SWAdp/swadp_pavast.xml
DEDia/DevLib_ActrPrt/devlib_actrprt_pavast.xml
DEDia/DevLib_DigOutErrHndlr/devlib_digouterrhndlr_pavast.xml
DEDia/DevLib_PhysRngChk/devlib_physrngchk_pavast.xml
DEDia/DevLib_PsDiag/devlib_psdiag_pavast.xml
DEDia/DevLib_PWMOutErrHndlr/devlib_pwmouterrhndlr_pavast.xml
DEDia/DevLib_PwrStgState/devlib_pwrstgstateinl_pavast.xml
DEDia/DevLib_PwrStgState/devlib_pwrstgstate_pavast.xml
DEDia/DevLib_SRC/devlib_src_pavast.xml
DEDia/DevLib_TransStage/devlib_transstage_pavast.xml
DEDia/DiaActr_ElecPsDiag/diaactr_elecpsdiag_pavast.xml
DEDia/__DEDia/dedia_pavast.xml
DiaApl/__DiaApl/diaapl_pavast.xml
DiaBas/ATS_Std/ats_std_pavast.xml
DiaBas/AVS_Std/avs_std_pavast.xml
DiaBas/DiaBas_BufAcs/diabas_bufacs_pavast.xml
DiaBas/ETC_Std/etc_std_pavast.xml
DiaBas/I15031_srv37/i15031_srv37_pavast.xml
DiaBas/I15031_srv6/i15031_srv6_pavast.xml
DiaBas/I15031_Srv8/i15031_srv8_pavast.xml
DiaBas/I15031_Std/i15031_std_pavast.xml
DiaBas/Signals_Std/signals_std_pavast.xml
DiaBas/__ATS/ats_pavast.xml
DiaBas/__DiaBas/diabas_pavast.xml
DiaBas/__I15031/i15031_pavast.xml
DiaSrv/ATSExtd_Std/atsextd_std_pavast.xml
DiaSrv/AVSExtd_Std/avsextd_std_pavast.xml
DiaSrv/I15031Extd_srv37/i15031extd_srv37_pavast.xml
DiaSrv/I15031Extd_srv9/i15031extd_srv9_pavast.xml
DiaSrv/SignalsExtd_Std/signalsextd_std_pavast.xml
DiaSrv/__DiaSrv/diasrv_pavast.xml
DSMApl/DSM_Conf/dsm_conf_pavast.xml
DSMApl/__DSMApl/dsmapl_pavast.xml
DSMBas/Dem_Main/Dem_Main_pavast.xml
DSMBas/DFES/dfes_pavast.xml
DSMBas/DSCHED_Cal/DSCHED_Cal_pavast.xml
DSMBas/DSCHED_Eval/DSCHED_Eval_pavast.xml
DSMBas/DSMAux/DSMAux_pavast.xml
DSMBas/DSMDur/dsmdur_pavast.xml
DSMBas/DSMRdy/dsmrdy_pavast.xml
DSMBas/DTR/dtr_pavast.xml
DSMBas/FiM_Main/FiM_Main_pavast.xml
DSMBas/MILLmp_DD/millmp_dd_pavast.xml
DSMBas/MILLmp_VD/millmp_vd_pavast.xml
DSMBas/SVSLmp_DD/svslmp_dd_pavast.xml
DSMBas/SVSLmp_VD/svslmp_vd_pavast.xml
DSMBas/__DSMBas/dsmbas_pavast.xml
ESC/ESC_Stack/esc_stack_pavast.xml
ESC/ESC_Stack/esc_stack_pavast.xml_unpatched
ESC/__ESC/esc_pavast.xml
ESC/__ESC/esc_pavast.xml_unpatched
GConf/GConf_Sy/gconf_sy_pavast.xml
MEDC/__MEDC/_src/medc_pavast.xml
Mem/rba_EepAdaptDGS/rba_EepAdaptDGS_Prot_pavast_pavast.xml
Mem/rba_MemDiag/rba_MemDiag_pavast.xml
Mo/MoExe_Co/moexe_co_pavast.xml
Mo/MoFSrv_Lib/mofsrv_lib_pavast.xml
Mo/MoFSrv_LibF/mofsrv_libf_pavast.xml
Mo/MoFVar_PostBldSel/mofvar_postbldsel_pavast.xml
Mo/MoFWDA_Co/mofwda_co_pavast.xml
Mo/MoSysCtrl_Co/mosysctrl_co_pavast.xml
Mo/Mo_Glbl/mo_glbl_pavast.xml
Mo/Mo_Glbl/mo_glbl_simplemodels_pavast.xml
Mo/__Mo/mo_pavast.xml
patch/ComScl_netmtrx_PaVaSt_pavast.xml
patch/domctrl_coorr_pavast.xml
patch/esc_pavast.xml
patch/esc_stack_pavast.xml
patch/medc_fixconst_custom_celprj_pavast.xml
SecuMgr/__SecuMgr/secumgr_pavast.xml
SftyHw/MoCADC_Co/mocadc_co_pavast.xml
SftyHw/MoCCom_Co/moccom_co_pavast.xml
SftyHw/MoCCPU_Co/moccpu_co_pavast.xml
SftyHw/MoCEMM_Co/mocemm_co_pavast.xml
SftyHw/MoCGTM_Co/mocgtm_co_pavast.xml
SftyHw/MoCHwLogicTest_Co/mochwlogictest_co_pavast.xml
SftyHw/MoCIWDH_Co/mociwdh_co_pavast.xml
SftyHw/MoCMBIST_Co/mocmbist_co_pavast.xml
SftyHw/MoCMemStrtUp_Co/mocmemstrtup_co_pavast.xml
SftyHw/MoCMem_Co/mocmem_co_pavast.xml
SftyHw/MoCMPU_Co/mocmpu_co_pavast.xml
SftyHw/MoCPFC_Co/mocpfc_co_pavast.xml
SftyHw/MoCSCC_Co/mocscc_co_pavast.xml
SftyHw/MoCSOP_Co/mocsop_co_pavast.xml
SftyHw/OCWDA_Co/ocwda_co_pavast.xml
SftyHw/__SftyHw/SftyHw_pavast.xml
SIA/SIA_Core/sia_core_pavast.xml
SIA/SIA_EMSIFC/sia_emsifc_pavast.xml
SIA/__SIA/sia_pavast.xml
SigQly/SigQly_GlbDefn/sigqly_glbdefn_pavast.xml
SigQly/SigQly_Srv/sigqly_srv_pavast.xml
SrvPT/SrvB/srvb_pavast.xml
SrvPT/SrvF/srvf_pavast.xml
SrvPT/SrvX/srvx_pavast.xml
SrvPT/__SrvPT/srvpt_pavast.xml
SwSVW/SafetyAdapter/safetyadapter_pavast.xml
SysA/MRly_Vld2Lcy/mrly_vld2lcy_pavast.xml
SysA/SyC_Vld2Lcy/syc_vld2lcy_pavast.xml
SysA/T15_Vld2Lcy/t15_vld2lcy_pavast.xml
SysA/__SysA/sysa_pavast.xml
_log/swb/module/gfadem/Force_pavast.xml
_out/ats_auto_pavast.xml
_out/avs_auto_pavast.xml
_out/comscl_coor_auto_fr_inl_pavast.xml
_out/comscl_coor_auto_fr_pavast.xml
_out/DcmDspUDS_DID_AVS_ATS_gen_Cfg_pavast.xml
_out/DcmDspUDS_DID_VerbalConversion_Cfg_pavast.xml
_out/diag_gw_auto_pavast.xml
_out/etc_auto_pavast.xml
_out/i15031_std_auto_pavast.xml
_out/moexe_co_auto_pavast.xml
_out/moxemm_co_pavast.xml
_out/mo_inst_pavast.xml
_out/rba_EepAdaptDGS_Cfg_pavast.xml
_out/signals_auto_pavast.xml
