ComDia/DcmCore_DslDsd_Appl/dcmcore_dsldsd_appl_pavast.xml
ComDia/DcmDspUDS_DID/dcmdspuds_did_pavast.xml
ComDia/DcmDspUDS_DID/dcmdspuds_did_edat_pavast.xml
ComDia/DcmDspUDS_DID/dcmdspuds_did_gen_pavast.xml
ComDia/DcmDspUDS_DID/dcmdspuds_did_gw_pavast.xml
ComDia/DcmDspUDS_DID/dcmdspuds_did_manual_pavast.xml
ComDia/DcmDspUDS_DID/dcmdspuds_did_vkms_pavast.xml
ComDia/DcmDspUDS_RID/dcmdspuds_rid_pavast.xml
ComDia/DcmDspUDS_RID/dcmdspuds_rid_vkms_pavast.xml
ComDia/__ComDia/comdia_pavast.xml
CEL/CEL_Compu/cel_compu_pavast.xml
CEL/CEL_CompuLcy/cel_compulcy_pavast.xml
CEL/CEL_Const/cel_const_pavast.xml
Conf/SWAdp/swadp_pavast.xml
CEL/Common/common_pavast.xml
CEL/DSM_DTRCompu/dsm_dtrcompu_pavast.xml
CELPrj/CommonCELPrj/commoncelprj_pavast.xml
CELPrj/ConversionSpecial_CELPrj/conversionspecial_celprj_pavast.xml
CELPrj/Conversion_CELPrj/conversion_celprj_pavast.xml
CELPrj/MEDC_Compu_Core_CELPrj/medc_compu_core_celprj_pavast.xml
CELPrj/MEDC_Compu_Custom_CELPrj/medc_compu_custom_celprj_pavast.xml
CELPrj/MEDC_Compu_DS_CELPrj/medc_compu_ds_celprj_pavast.xml
CELPrj/MEDC_Compu_DS_GS_CELPrj/medc_compu_ds_gs_celprj_pavast.xml
CELPrj/MEDC_FixConst_Core_CELPrj/medc_fixconst_core_celprj_pavast.xml
CELPrj/MEDC_FixConst_Custom_CELPrj/medc_fixconst_custom_celprj_pavast.xml
CELPrj/MEDC_FixConst_DS_CELPrj/medc_fixconst_ds_celprj_pavast.xml
CELPrj/MEDC_FixConst_DS_GS_CELPrj/medc_fixconst_ds_gs_celprj_pavast.xml
CELPrj/MEDC_MoCompu_CELPrj/medc_mocompu_celprj_pavast.xml
CELPrj/MEDC_Models_DS_CELPrj/medc_models_ds_celprj_pavast.xml
CELPrj/MEDC_Models_DS_GS_CELPrj/medc_models_ds_gs_celprj_pavast.xml
CELPrj/MEDC_SimpleModels/medc_simplemodels_pavast.xml
